Archive member included to satisfy reference by file (symbol)

../hws2_bsp/\libhal_bsp.a(alt_load.o)
                              ../hws2_bsp//obj/HAL/src/crt0.o (alt_load)
../hws2_bsp/\libhal_bsp.a(alt_main.o)
                              ../hws2_bsp//obj/HAL/src/crt0.o (alt_main)
../hws2_bsp/\libhal_bsp.a(alt_putstr.o)
                              obj/default/hello_world_small.o (alt_putstr)
../hws2_bsp/\libhal_bsp.a(alt_sys_init.o)
                              ../hws2_bsp/\libhal_bsp.a(alt_main.o) (alt_irq_init)
../hws2_bsp/\libhal_bsp.a(altera_avalon_i2c.o)
                              ../hws2_bsp/\libhal_bsp.a(alt_sys_init.o) (alt_avalon_i2c_init)
../hws2_bsp/\libhal_bsp.a(alt_busy_sleep.o)
                              ../hws2_bsp/\libhal_bsp.a(altera_avalon_i2c.o) (alt_busy_sleep)
../hws2_bsp/\libhal_bsp.a(alt_dcache_flush_all.o)
                              ../hws2_bsp/\libhal_bsp.a(alt_load.o) (alt_dcache_flush_all)
../hws2_bsp/\libhal_bsp.a(alt_dev_llist_insert.o)
                              ../hws2_bsp/\libhal_bsp.a(altera_avalon_i2c.o) (alt_dev_llist_insert)
../hws2_bsp/\libhal_bsp.a(alt_errno.o)
                              ../hws2_bsp/\libhal_bsp.a(alt_dev_llist_insert.o) (alt_errno)
../hws2_bsp/\libhal_bsp.a(alt_find_dev.o)
                              ../hws2_bsp/\libhal_bsp.a(altera_avalon_i2c.o) (alt_find_dev)
../hws2_bsp/\libhal_bsp.a(alt_icache_flush_all.o)
                              ../hws2_bsp/\libhal_bsp.a(alt_load.o) (alt_icache_flush_all)
../hws2_bsp/\libhal_bsp.a(alt_iic.o)
                              ../hws2_bsp/\libhal_bsp.a(altera_avalon_i2c.o) (alt_ic_isr_register)
../hws2_bsp/\libhal_bsp.a(alt_iic_isr_register.o)
                              ../hws2_bsp/\libhal_bsp.a(alt_iic.o) (alt_iic_isr_register)
../hws2_bsp/\libhal_bsp.a(alt_irq_entry.o)
                              ../hws2_bsp/\libhal_bsp.a(alt_iic_isr_register.o) (alt_irq_entry)
../hws2_bsp/\libhal_bsp.a(alt_irq_handler.o)
                              ../hws2_bsp/\libhal_bsp.a(alt_iic_isr_register.o) (alt_irq_handler)
../hws2_bsp/\libhal_bsp.a(alt_irq_vars.o)
                              ../hws2_bsp/\libhal_bsp.a(alt_iic.o) (alt_irq_active)
../hws2_bsp/\libhal_bsp.a(altera_nios2_gen2_irq.o)
                              ../hws2_bsp/\libhal_bsp.a(alt_sys_init.o) (altera_nios2_gen2_irq_init)
../hws2_bsp/\libhal_bsp.a(alt_exception_entry.o)
                              ../hws2_bsp/\libhal_bsp.a(alt_irq_entry.o) (alt_exception)
../hws2_bsp/\libhal_bsp.a(alt_instruction_exception_entry.o)
                              ../hws2_bsp/\libhal_bsp.a(alt_exception_entry.o) (alt_instruction_exception_entry)
c:/intelfpga_lite/18.1/nios2eds/bin/gnu/h-x86_64-mingw32/bin/../lib/gcc/nios2-elf/5.3.0/../../../../../H-x86_64-mingw32/nios2-elf/lib/mno-hw-mul\libsmallc.a(lib_a-int_errno.o)
                              ../hws2_bsp/\libhal_bsp.a(alt_dev_llist_insert.o) (errno)
c:/intelfpga_lite/18.1/nios2eds/bin/gnu/h-x86_64-mingw32/bin/../lib/gcc/nios2-elf/5.3.0/../../../../../H-x86_64-mingw32/nios2-elf/lib/mno-hw-mul\libsmallc.a(lib_a-memcmp.o)
                              ../hws2_bsp/\libhal_bsp.a(alt_find_dev.o) (memcmp)
c:/intelfpga_lite/18.1/nios2eds/bin/gnu/h-x86_64-mingw32/bin/../lib/gcc/nios2-elf/5.3.0/../../../../../H-x86_64-mingw32/nios2-elf/lib/mno-hw-mul\libsmallc.a(lib_a-strlen.o)
                              ../hws2_bsp/\libhal_bsp.a(alt_putstr.o) (strlen)
c:/intelfpga_lite/18.1/nios2eds/bin/gnu/h-x86_64-mingw32/bin/../lib/gcc/nios2-elf/5.3.0/mno-hw-mul\libgcc.a(lib2-divmod.o)
                              ../hws2_bsp/\libhal_bsp.a(altera_avalon_i2c.o) (__udivsi3)
c:/intelfpga_lite/18.1/nios2eds/bin/gnu/h-x86_64-mingw32/bin/../lib/gcc/nios2-elf/5.3.0/mno-hw-mul\libgcc.a(lib2-mul.o)
                              ../hws2_bsp/\libhal_bsp.a(altera_avalon_i2c.o) (__mulsi3)

Allocating common symbols
Common symbol       size              file

alt_irq             0x100             ../hws2_bsp/\libhal_bsp.a(alt_irq_handler.o)
errno               0x4               c:/intelfpga_lite/18.1/nios2eds/bin/gnu/h-x86_64-mingw32/bin/../lib/gcc/nios2-elf/5.3.0/../../../../../H-x86_64-mingw32/nios2-elf/lib/mno-hw-mul\libsmallc.a(lib_a-int_errno.o)

Memory Configuration

Name             Origin             Length             Attributes
reset            0x0000000000008000 0x0000000000000020
onchip_memory2_0 0x0000000000008020 0x0000000000007fe0
*default*        0x0000000000000000 0xffffffffffffffff

Linker script and memory map

LOAD ../hws2_bsp//obj/HAL/src/crt0.o
LOAD obj/default/hello_world_small.o
LOAD c:/intelfpga_lite/18.1/nios2eds/bin/gnu/h-x86_64-mingw32/bin/../lib/gcc/nios2-elf/5.3.0/../../../../../H-x86_64-mingw32/nios2-elf/lib/mno-hw-mul\libstdc++.a
LOAD c:/intelfpga_lite/18.1/nios2eds/bin/gnu/h-x86_64-mingw32/bin/../lib/gcc/nios2-elf/5.3.0/../../../../../H-x86_64-mingw32/nios2-elf/lib/mno-hw-mul\libm.a
LOAD c:/intelfpga_lite/18.1/nios2eds/bin/gnu/h-x86_64-mingw32/bin/../lib/gcc/nios2-elf/5.3.0/mno-hw-mul\libgcc.a
START GROUP
LOAD c:/intelfpga_lite/18.1/nios2eds/bin/gnu/h-x86_64-mingw32/bin/../lib/gcc/nios2-elf/5.3.0/../../../../../H-x86_64-mingw32/nios2-elf/lib/mno-hw-mul\libsmallc.a
LOAD c:/intelfpga_lite/18.1/nios2eds/bin/gnu/h-x86_64-mingw32/bin/../lib/gcc/nios2-elf/5.3.0/mno-hw-mul\libgcc.a
LOAD ../hws2_bsp/\libhal_bsp.a
LOAD c:/intelfpga_lite/18.1/nios2eds/bin/gnu/h-x86_64-mingw32/bin/../lib/gcc/nios2-elf/5.3.0/../../../../../H-x86_64-mingw32/nios2-elf/lib/mno-hw-mul\libm.a
END GROUP
LOAD c:/intelfpga_lite/18.1/nios2eds/bin/gnu/h-x86_64-mingw32/bin/../lib/gcc/nios2-elf/5.3.0/mno-hw-mul\libgcc.a
                0x0000000000008000                __alt_mem_onchip_memory2_0 = 0x8000

.entry          0x0000000000008000       0x20
 *(.entry)
 .entry         0x0000000000008000       0x20 ../hws2_bsp//obj/HAL/src/crt0.o
                0x0000000000008000                __reset
                0x000000000000800c                _exit

.exceptions     0x0000000000008020      0x160
                0x0000000000008020                PROVIDE (__ram_exceptions_start, ABSOLUTE (.))
                0x0000000000008020                . = ALIGN (0x20)
 *(.irq)
 *(.exceptions.entry.label)
 .exceptions.entry.label
                0x0000000000008020        0x0 ../hws2_bsp/\libhal_bsp.a(alt_irq_entry.o)
                0x0000000000008020                alt_irq_entry
 .exceptions.entry.label
                0x0000000000008020        0x0 ../hws2_bsp/\libhal_bsp.a(alt_exception_entry.o)
                0x0000000000008020                alt_exception
 *(.exceptions.entry.user)
 *(.exceptions.entry.ecc_fatal)
 *(.exceptions.entry)
 .exceptions.entry
                0x0000000000008020       0x54 ../hws2_bsp/\libhal_bsp.a(alt_exception_entry.o)
 *(.exceptions.irqtest.user)
 *(.exceptions.irqtest)
 .exceptions.irqtest
                0x0000000000008074       0x10 ../hws2_bsp/\libhal_bsp.a(alt_irq_entry.o)
 *(.exceptions.irqhandler.user)
 *(.exceptions.irqhandler)
 .exceptions.irqhandler
                0x0000000000008084        0x4 ../hws2_bsp/\libhal_bsp.a(alt_irq_entry.o)
 *(.exceptions.irqreturn.user)
 *(.exceptions.irqreturn)
 .exceptions.irqreturn
                0x0000000000008088        0x4 ../hws2_bsp/\libhal_bsp.a(alt_irq_entry.o)
 *(.exceptions.notirq.label)
 .exceptions.notirq.label
                0x000000000000808c        0x0 ../hws2_bsp/\libhal_bsp.a(alt_irq_entry.o)
 *(.exceptions.notirq.user)
 *(.exceptions.notirq)
 .exceptions.notirq
                0x000000000000808c        0x8 ../hws2_bsp/\libhal_bsp.a(alt_exception_entry.o)
 *(.exceptions.soft.user)
 *(.exceptions.soft)
 *(.exceptions.unknown.user)
 *(.exceptions.unknown)
 .exceptions.unknown
                0x0000000000008094       0x14 ../hws2_bsp/\libhal_bsp.a(alt_exception_entry.o)
 *(.exceptions.exit.label)
 .exceptions.exit.label
                0x00000000000080a8        0x0 ../hws2_bsp/\libhal_bsp.a(alt_irq_entry.o)
 .exceptions.exit.label
                0x00000000000080a8        0x0 ../hws2_bsp/\libhal_bsp.a(alt_exception_entry.o)
 *(.exceptions.exit.user)
 *(.exceptions.exit)
 .exceptions.exit
                0x00000000000080a8       0x54 ../hws2_bsp/\libhal_bsp.a(alt_exception_entry.o)
 *(.exceptions)
 .exceptions    0x00000000000080fc       0x60 ../hws2_bsp/\libhal_bsp.a(alt_irq_handler.o)
                0x00000000000080fc                alt_irq_handler
 .exceptions    0x000000000000815c       0x24 ../hws2_bsp/\libhal_bsp.a(alt_instruction_exception_entry.o)
                0x000000000000815c                alt_instruction_exception_entry
                0x0000000000008180                PROVIDE (__ram_exceptions_end, ABSOLUTE (.))
                0x0000000000008020                PROVIDE (__flash_exceptions_start, LOADADDR (.exceptions))

.text           0x0000000000008180     0x1814
                [!provide]                        PROVIDE (stext, ABSOLUTE (.))
 *(.interp)
 *(.hash)
 *(.dynsym)
 *(.dynstr)
 *(.gnu.version)
 *(.gnu.version_d)
 *(.gnu.version_r)
 *(.rel.init)
 *(.rela.init)
 *(.rel.text .rel.text.* .rel.gnu.linkonce.t.*)
 *(.rela.text .rela.text.* .rela.gnu.linkonce.t.*)
 *(.rel.fini)
 *(.rela.fini)
 *(.rel.rodata .rel.rodata.* .rel.gnu.linkonce.r.*)
 *(.rela.rodata .rela.rodata.* .rela.gnu.linkonce.r.*)
 *(.rel.data .rel.data.* .rel.gnu.linkonce.d.*)
 *(.rela.data .rela.data.* .rela.gnu.linkonce.d.*)
 *(.rel.tdata .rel.tdata.* .rel.gnu.linkonce.td.*)
 *(.rela.tdata .rela.tdata.* .rela.gnu.linkonce.td.*)
 *(.rel.tbss .rel.tbss.* .rel.gnu.linkonce.tb.*)
 *(.rela.tbss .rela.tbss.* .rela.gnu.linkonce.tb.*)
 *(.rel.ctors)
 *(.rela.ctors)
 *(.rel.dtors)
 *(.rela.dtors)
 *(.rel.got)
 *(.rela.got)
 *(.rel.sdata .rel.sdata.* .rel.gnu.linkonce.s.*)
 *(.rela.sdata .rela.sdata.* .rela.gnu.linkonce.s.*)
 *(.rel.sbss .rel.sbss.* .rel.gnu.linkonce.sb.*)
 *(.rela.sbss .rela.sbss.* .rela.gnu.linkonce.sb.*)
 *(.rel.sdata2 .rel.sdata2.* .rel.gnu.linkonce.s2.*)
 *(.rela.sdata2 .rela.sdata2.* .rela.gnu.linkonce.s2.*)
 *(.rel.sbss2 .rel.sbss2.* .rel.gnu.linkonce.sb2.*)
 *(.rela.sbss2 .rela.sbss2.* .rela.gnu.linkonce.sb2.*)
 *(.rel.bss .rel.bss.* .rel.gnu.linkonce.b.*)
 *(.rela.bss .rela.bss.* .rela.gnu.linkonce.b.*)
 *(.rel.plt)
 *(.rela.plt)
 *(.rel.dyn)
 *(.init)
 *(.plt)
 *(.text .stub .text.* .gnu.linkonce.t.*)
 .text          0x0000000000008180       0x3c ../hws2_bsp//obj/HAL/src/crt0.o
                0x0000000000008180                _start
 .text          0x00000000000081bc        0x0 obj/default/hello_world_small.o
 .text.startup  0x00000000000081bc       0x18 obj/default/hello_world_small.o
                0x00000000000081bc                main
 .text          0x00000000000081d4       0xe0 ../hws2_bsp/\libhal_bsp.a(alt_load.o)
                0x00000000000081d4                alt_load
 .text          0x00000000000082b4       0x2c ../hws2_bsp/\libhal_bsp.a(alt_main.o)
                0x00000000000082b4                alt_main
 .text          0x00000000000082e0       0x38 ../hws2_bsp/\libhal_bsp.a(alt_putstr.o)
                0x00000000000082e0                alt_putstr
 .text          0x0000000000008318       0x2c ../hws2_bsp/\libhal_bsp.a(alt_sys_init.o)
                0x0000000000008318                alt_irq_init
                0x0000000000008338                alt_sys_init
 .text          0x0000000000008344     0x1158 ../hws2_bsp/\libhal_bsp.a(altera_avalon_i2c.o)
                0x0000000000008344                alt_avalon_i2c_register_optional_irq_handler
                0x0000000000008360                alt_avalon_i2c_register_callback
                0x0000000000008370                alt_avalon_i2c_open
                0x0000000000008378                alt_avalon_i2c_enable
                0x00000000000083c0                alt_avalon_i2c_disable
                0x00000000000083dc                alt_avalon_i2c_master_config_get
                0x0000000000008420                alt_avalon_i2c_master_config_set
                0x0000000000008478                alt_avalon_i2c_master_config_speed_get
                0x00000000000084c4                alt_avalon_i2c_master_config_speed_set
                0x0000000000008550                alt_avalon_i2c_is_busy
                0x0000000000008560                alt_avalon_i2c_rx_read_available
                0x0000000000008598                alt_avalon_i2c_rx_read
                0x0000000000008618                alt_avalon_i2c_master_target_get
                0x0000000000008624                alt_avalon_i2c_master_target_set
                0x000000000000862c                alt_avalon_i2c_check_nack
                0x0000000000008648                alt_avalon_i2c_check_arblost
                0x0000000000008664                alt_avalon_i2c_cmd_write
                0x000000000000872c                alt_avalon_i2c_send_address
                0x00000000000087a4                alt_avalon_i2c_master_transmit
                0x00000000000088e8                alt_avalon_i2c_master_receive
                0x0000000000008a9c                alt_avalon_i2c_int_status_get
                0x0000000000008ab4                alt_avalon_i2c_int_raw_status_get
                0x0000000000008ac4                alt_avalon_i2c_int_clear
                0x0000000000008ad0                alt_avalon_i2c_enabled_ints_get
                0x0000000000008ae4                alt_avalon_i2c_int_disable
                0x0000000000008b90                alt_avalon_i2c_int_enable
                0x0000000000008c90                alt_avalon_i2c_interrupt_transaction_status
                0x0000000000008d7c                alt_avalon_i2c_rx_fifo_threshold_get
                0x0000000000008d94                alt_avalon_i2c_rx_fifo_threshold_set
                0x0000000000008dbc                alt_avalon_i2c_master_receive_using_interrupts
                0x0000000000008f48                alt_avalon_i2c_master_rx
                0x0000000000009030                alt_avalon_i2c_tfr_cmd_fifo_threshold_get
                0x0000000000009048                alt_avalon_i2c_tfr_cmd_fifo_threshold_set
                0x0000000000009074                alt_avalon_i2c_init
                0x0000000000009124                alt_avalon_i2c_master_transmit_using_interrupts
                0x00000000000092a0                alt_avalon_i2c_master_tx
                0x0000000000009364                alt_avalon_i2c_master_tx_rx
 .text          0x000000000000949c       0x78 ../hws2_bsp/\libhal_bsp.a(alt_busy_sleep.o)
                0x000000000000949c                alt_busy_sleep
 .text          0x0000000000009514        0x4 ../hws2_bsp/\libhal_bsp.a(alt_dcache_flush_all.o)
                0x0000000000009514                alt_dcache_flush_all
 .text          0x0000000000009518       0x6c ../hws2_bsp/\libhal_bsp.a(alt_dev_llist_insert.o)
                0x0000000000009518                alt_dev_llist_insert
 .text          0x0000000000009584        0x0 ../hws2_bsp/\libhal_bsp.a(alt_errno.o)
 .text          0x0000000000009584       0x74 ../hws2_bsp/\libhal_bsp.a(alt_find_dev.o)
                0x0000000000009584                alt_find_dev
 .text          0x00000000000095f8        0x4 ../hws2_bsp/\libhal_bsp.a(alt_icache_flush_all.o)
                0x00000000000095f8                alt_icache_flush_all
 .text          0x00000000000095fc       0x8c ../hws2_bsp/\libhal_bsp.a(alt_iic.o)
                0x00000000000095fc                alt_ic_isr_register
                0x0000000000009600                alt_ic_irq_enable
                0x0000000000009638                alt_ic_irq_disable
                0x0000000000009670                alt_ic_irq_enabled
 .text          0x0000000000009688       0x68 ../hws2_bsp/\libhal_bsp.a(alt_iic_isr_register.o)
                0x0000000000009688                alt_iic_isr_register
 .text          0x00000000000096f0        0x0 ../hws2_bsp/\libhal_bsp.a(alt_irq_entry.o)
 .text          0x00000000000096f0        0x0 ../hws2_bsp/\libhal_bsp.a(alt_irq_handler.o)
 .text          0x00000000000096f0        0x0 ../hws2_bsp/\libhal_bsp.a(alt_irq_vars.o)
 .text          0x00000000000096f0        0x8 ../hws2_bsp/\libhal_bsp.a(altera_nios2_gen2_irq.o)
                0x00000000000096f0                altera_nios2_gen2_irq_init
 .text          0x00000000000096f8        0x0 ../hws2_bsp/\libhal_bsp.a(alt_exception_entry.o)
 .text          0x00000000000096f8       0x74 ../hws2_bsp/\libhal_bsp.a(alt_instruction_exception_entry.o)
                0x00000000000096f8                alt_exception_cause_generated_bad_addr
 .text          0x000000000000976c        0x0 c:/intelfpga_lite/18.1/nios2eds/bin/gnu/h-x86_64-mingw32/bin/../lib/gcc/nios2-elf/5.3.0/../../../../../H-x86_64-mingw32/nios2-elf/lib/mno-hw-mul\libsmallc.a(lib_a-int_errno.o)
 .text          0x000000000000976c        0x0 c:/intelfpga_lite/18.1/nios2eds/bin/gnu/h-x86_64-mingw32/bin/../lib/gcc/nios2-elf/5.3.0/../../../../../H-x86_64-mingw32/nios2-elf/lib/mno-hw-mul\libsmallc.a(lib_a-memcmp.o)
 .text.memcmp   0x000000000000976c       0x30 c:/intelfpga_lite/18.1/nios2eds/bin/gnu/h-x86_64-mingw32/bin/../lib/gcc/nios2-elf/5.3.0/../../../../../H-x86_64-mingw32/nios2-elf/lib/mno-hw-mul\libsmallc.a(lib_a-memcmp.o)
                0x000000000000976c                memcmp
 .text          0x000000000000979c        0x0 c:/intelfpga_lite/18.1/nios2eds/bin/gnu/h-x86_64-mingw32/bin/../lib/gcc/nios2-elf/5.3.0/../../../../../H-x86_64-mingw32/nios2-elf/lib/mno-hw-mul\libsmallc.a(lib_a-strlen.o)
 .text.strlen   0x000000000000979c       0x1c c:/intelfpga_lite/18.1/nios2eds/bin/gnu/h-x86_64-mingw32/bin/../lib/gcc/nios2-elf/5.3.0/../../../../../H-x86_64-mingw32/nios2-elf/lib/mno-hw-mul\libsmallc.a(lib_a-strlen.o)
                0x000000000000979c                strlen
 .text          0x00000000000097b8      0x1b4 c:/intelfpga_lite/18.1/nios2eds/bin/gnu/h-x86_64-mingw32/bin/../lib/gcc/nios2-elf/5.3.0/mno-hw-mul\libgcc.a(lib2-divmod.o)
                0x00000000000097b8                __divsi3
                0x000000000000983c                __modsi3
                0x00000000000098b0                __udivsi3
                0x0000000000009914                __umodsi3
 .text          0x000000000000996c       0x28 c:/intelfpga_lite/18.1/nios2eds/bin/gnu/h-x86_64-mingw32/bin/../lib/gcc/nios2-elf/5.3.0/mno-hw-mul\libgcc.a(lib2-mul.o)
                0x000000000000996c                __mulsi3
 *(.gnu.warning.*)
 *(.fini)
                [!provide]                        PROVIDE (__etext, ABSOLUTE (.))
                [!provide]                        PROVIDE (_etext, ABSOLUTE (.))
                [!provide]                        PROVIDE (etext, ABSOLUTE (.))
 *(.eh_frame_hdr)
                0x0000000000009994                . = ALIGN (0x4)
                [!provide]                        PROVIDE (__preinit_array_start, ABSOLUTE (.))
 *(.preinit_array)
                [!provide]                        PROVIDE (__preinit_array_end, ABSOLUTE (.))
                [!provide]                        PROVIDE (__init_array_start, ABSOLUTE (.))
 *(.init_array)
                [!provide]                        PROVIDE (__init_array_end, ABSOLUTE (.))
                [!provide]                        PROVIDE (__fini_array_start, ABSOLUTE (.))
 *(.fini_array)
                [!provide]                        PROVIDE (__fini_array_end, ABSOLUTE (.))
 *(.eh_frame)
 *(.gcc_except_table .gcc_except_table.*)
 *(.dynamic)
                [!provide]                        PROVIDE (__CTOR_LIST__, ABSOLUTE (.))
 *(.ctors)
 *(SORT(.ctors.*))
                [!provide]                        PROVIDE (__CTOR_END__, ABSOLUTE (.))
                [!provide]                        PROVIDE (__DTOR_LIST__, ABSOLUTE (.))
 *(.dtors)
 *(SORT(.dtors.*))
                [!provide]                        PROVIDE (__DTOR_END__, ABSOLUTE (.))
 *(.jcr)
                0x0000000000009994                . = ALIGN (0x4)

.rodata         0x0000000000009994       0x28
                0x0000000000009994                PROVIDE (__ram_rodata_start, ABSOLUTE (.))
                0x0000000000009994                . = ALIGN (0x4)
 *(.rodata .rodata.* .gnu.linkonce.r.*)
 .rodata.str1.4
                0x0000000000009994       0x15 obj/default/hello_world_small.o
 *fill*         0x00000000000099a9        0x3 
 .rodata.str1.4
                0x00000000000099ac       0x10 ../hws2_bsp/\libhal_bsp.a(alt_sys_init.o)
                                          0xe (size before relaxing)
 *(.rodata1)
                0x00000000000099bc                . = ALIGN (0x4)
                0x00000000000099bc                PROVIDE (__ram_rodata_end, ABSOLUTE (.))
                0x0000000000009994                PROVIDE (__flash_rodata_start, LOADADDR (.rodata))

.rwdata         0x00000000000099bc       0x48 load address 0x0000000000009a04
                0x00000000000099bc                PROVIDE (__ram_rwdata_start, ABSOLUTE (.))
                0x00000000000099bc                . = ALIGN (0x4)
 *(.got.plt)
 *(.got)
 *(.data1)
 *(.data .data.* .gnu.linkonce.d.*)
 .data          0x00000000000099bc        0x0 ../hws2_bsp//obj/HAL/src/crt0.o
 .data          0x00000000000099bc        0x0 obj/default/hello_world_small.o
 .data          0x00000000000099bc        0x0 ../hws2_bsp/\libhal_bsp.a(alt_load.o)
 .data          0x00000000000099bc        0x0 ../hws2_bsp/\libhal_bsp.a(alt_main.o)
 .data          0x00000000000099bc        0x0 ../hws2_bsp/\libhal_bsp.a(alt_putstr.o)
 .data          0x00000000000099bc       0x38 ../hws2_bsp/\libhal_bsp.a(alt_sys_init.o)
 .data          0x00000000000099f4        0x0 ../hws2_bsp/\libhal_bsp.a(altera_avalon_i2c.o)
 .data          0x00000000000099f4        0x0 ../hws2_bsp/\libhal_bsp.a(alt_busy_sleep.o)
 .data          0x00000000000099f4        0x0 ../hws2_bsp/\libhal_bsp.a(alt_dcache_flush_all.o)
 .data          0x00000000000099f4        0x0 ../hws2_bsp/\libhal_bsp.a(alt_dev_llist_insert.o)
 .data          0x00000000000099f4        0x0 ../hws2_bsp/\libhal_bsp.a(alt_errno.o)
 .data          0x00000000000099f4        0x0 ../hws2_bsp/\libhal_bsp.a(alt_find_dev.o)
 .data          0x00000000000099f4        0x0 ../hws2_bsp/\libhal_bsp.a(alt_icache_flush_all.o)
 .data          0x00000000000099f4        0x0 ../hws2_bsp/\libhal_bsp.a(alt_iic.o)
 .data          0x00000000000099f4        0x0 ../hws2_bsp/\libhal_bsp.a(alt_iic_isr_register.o)
 .data          0x00000000000099f4        0x0 ../hws2_bsp/\libhal_bsp.a(alt_irq_entry.o)
 .data          0x00000000000099f4        0x0 ../hws2_bsp/\libhal_bsp.a(alt_irq_handler.o)
 .data          0x00000000000099f4        0x0 ../hws2_bsp/\libhal_bsp.a(alt_irq_vars.o)
 .data          0x00000000000099f4        0x0 ../hws2_bsp/\libhal_bsp.a(altera_nios2_gen2_irq.o)
 .data          0x00000000000099f4        0x0 ../hws2_bsp/\libhal_bsp.a(alt_exception_entry.o)
 .data          0x00000000000099f4        0x0 ../hws2_bsp/\libhal_bsp.a(alt_instruction_exception_entry.o)
 .data          0x00000000000099f4        0x0 c:/intelfpga_lite/18.1/nios2eds/bin/gnu/h-x86_64-mingw32/bin/../lib/gcc/nios2-elf/5.3.0/../../../../../H-x86_64-mingw32/nios2-elf/lib/mno-hw-mul\libsmallc.a(lib_a-int_errno.o)
 .data          0x00000000000099f4        0x0 c:/intelfpga_lite/18.1/nios2eds/bin/gnu/h-x86_64-mingw32/bin/../lib/gcc/nios2-elf/5.3.0/../../../../../H-x86_64-mingw32/nios2-elf/lib/mno-hw-mul\libsmallc.a(lib_a-memcmp.o)
 .data          0x00000000000099f4        0x0 c:/intelfpga_lite/18.1/nios2eds/bin/gnu/h-x86_64-mingw32/bin/../lib/gcc/nios2-elf/5.3.0/../../../../../H-x86_64-mingw32/nios2-elf/lib/mno-hw-mul\libsmallc.a(lib_a-strlen.o)
 .data          0x00000000000099f4        0x0 c:/intelfpga_lite/18.1/nios2eds/bin/gnu/h-x86_64-mingw32/bin/../lib/gcc/nios2-elf/5.3.0/mno-hw-mul\libgcc.a(lib2-divmod.o)
 .data          0x00000000000099f4        0x0 c:/intelfpga_lite/18.1/nios2eds/bin/gnu/h-x86_64-mingw32/bin/../lib/gcc/nios2-elf/5.3.0/mno-hw-mul\libgcc.a(lib2-mul.o)
                0x00000000000119f4                _gp = ABSOLUTE ((. + 0x8000))
                [!provide]                        PROVIDE (gp, _gp)
 *(.rwdata .rwdata.*)
 *(.sdata .sdata.* .gnu.linkonce.s.*)
 .sdata         0x00000000000099f4        0x8 ../hws2_bsp/\libhal_bsp.a(altera_avalon_i2c.o)
                0x00000000000099f4                alt_avalon_i2c_list
 .sdata         0x00000000000099fc        0x4 ../hws2_bsp/\libhal_bsp.a(alt_errno.o)
                0x00000000000099fc                alt_errno
 .sdata         0x0000000000009a00        0x4 ../hws2_bsp/\libhal_bsp.a(alt_irq_vars.o)
                0x0000000000009a00                alt_priority_mask
 *(.sdata2 .sdata2.* .gnu.linkonce.s2.*)
                0x0000000000009a04                . = ALIGN (0x4)
                0x0000000000009a04                _edata = ABSOLUTE (.)
                [!provide]                        PROVIDE (edata, ABSOLUTE (.))
                0x0000000000009a04                PROVIDE (__ram_rwdata_end, ABSOLUTE (.))
                0x0000000000009a04                PROVIDE (__flash_rwdata_start, LOADADDR (.rwdata))

.bss            0x0000000000009a4c      0x118
                0x0000000000009a4c                __bss_start = ABSOLUTE (.)
                [!provide]                        PROVIDE (__sbss_start, ABSOLUTE (.))
                [!provide]                        PROVIDE (___sbss_start, ABSOLUTE (.))
 *(.dynsbss)
 *(.sbss .sbss.* .gnu.linkonce.sb.*)
 .sbss          0x0000000000009a4c        0xc ../hws2_bsp/\libhal_bsp.a(alt_main.o)
                0x0000000000009a4c                alt_envp
                0x0000000000009a50                alt_argv
                0x0000000000009a54                alt_argc
 .sbss          0x0000000000009a58        0x4 ../hws2_bsp/\libhal_bsp.a(alt_irq_vars.o)
                0x0000000000009a58                alt_irq_active
 .sbss          0x0000000000009a5c        0x4 ../hws2_bsp/\libhal_bsp.a(alt_instruction_exception_entry.o)
                0x0000000000009a5c                alt_instruction_exception_handler
 .sbss          0x0000000000009a60        0x4 c:/intelfpga_lite/18.1/nios2eds/bin/gnu/h-x86_64-mingw32/bin/../lib/gcc/nios2-elf/5.3.0/../../../../../H-x86_64-mingw32/nios2-elf/lib/mno-hw-mul\libsmallc.a(lib_a-int_errno.o)
                0x0000000000009a60                errno
 *(.sbss2 .sbss2.* .gnu.linkonce.sb2.*)
 *(.scommon)
                [!provide]                        PROVIDE (__sbss_end, ABSOLUTE (.))
                [!provide]                        PROVIDE (___sbss_end, ABSOLUTE (.))
 *(.dynbss)
 *(.bss .bss.* .gnu.linkonce.b.*)
 .bss           0x0000000000009a64        0x0 ../hws2_bsp//obj/HAL/src/crt0.o
 .bss           0x0000000000009a64        0x0 obj/default/hello_world_small.o
 .bss           0x0000000000009a64        0x0 ../hws2_bsp/\libhal_bsp.a(alt_load.o)
 .bss           0x0000000000009a64        0x0 ../hws2_bsp/\libhal_bsp.a(alt_main.o)
 .bss           0x0000000000009a64        0x0 ../hws2_bsp/\libhal_bsp.a(alt_putstr.o)
 .bss           0x0000000000009a64        0x0 ../hws2_bsp/\libhal_bsp.a(alt_sys_init.o)
 .bss           0x0000000000009a64        0x0 ../hws2_bsp/\libhal_bsp.a(altera_avalon_i2c.o)
 .bss           0x0000000000009a64        0x0 ../hws2_bsp/\libhal_bsp.a(alt_busy_sleep.o)
 .bss           0x0000000000009a64        0x0 ../hws2_bsp/\libhal_bsp.a(alt_dcache_flush_all.o)
 .bss           0x0000000000009a64        0x0 ../hws2_bsp/\libhal_bsp.a(alt_dev_llist_insert.o)
 .bss           0x0000000000009a64        0x0 ../hws2_bsp/\libhal_bsp.a(alt_errno.o)
 .bss           0x0000000000009a64        0x0 ../hws2_bsp/\libhal_bsp.a(alt_find_dev.o)
 .bss           0x0000000000009a64        0x0 ../hws2_bsp/\libhal_bsp.a(alt_icache_flush_all.o)
 .bss           0x0000000000009a64        0x0 ../hws2_bsp/\libhal_bsp.a(alt_iic.o)
 .bss           0x0000000000009a64        0x0 ../hws2_bsp/\libhal_bsp.a(alt_iic_isr_register.o)
 .bss           0x0000000000009a64        0x0 ../hws2_bsp/\libhal_bsp.a(alt_irq_entry.o)
 .bss           0x0000000000009a64        0x0 ../hws2_bsp/\libhal_bsp.a(alt_irq_handler.o)
 .bss           0x0000000000009a64        0x0 ../hws2_bsp/\libhal_bsp.a(alt_irq_vars.o)
 .bss           0x0000000000009a64        0x0 ../hws2_bsp/\libhal_bsp.a(altera_nios2_gen2_irq.o)
 .bss           0x0000000000009a64        0x0 ../hws2_bsp/\libhal_bsp.a(alt_exception_entry.o)
 .bss           0x0000000000009a64        0x0 ../hws2_bsp/\libhal_bsp.a(alt_instruction_exception_entry.o)
 .bss           0x0000000000009a64        0x0 c:/intelfpga_lite/18.1/nios2eds/bin/gnu/h-x86_64-mingw32/bin/../lib/gcc/nios2-elf/5.3.0/../../../../../H-x86_64-mingw32/nios2-elf/lib/mno-hw-mul\libsmallc.a(lib_a-int_errno.o)
 .bss           0x0000000000009a64        0x0 c:/intelfpga_lite/18.1/nios2eds/bin/gnu/h-x86_64-mingw32/bin/../lib/gcc/nios2-elf/5.3.0/../../../../../H-x86_64-mingw32/nios2-elf/lib/mno-hw-mul\libsmallc.a(lib_a-memcmp.o)
 .bss           0x0000000000009a64        0x0 c:/intelfpga_lite/18.1/nios2eds/bin/gnu/h-x86_64-mingw32/bin/../lib/gcc/nios2-elf/5.3.0/../../../../../H-x86_64-mingw32/nios2-elf/lib/mno-hw-mul\libsmallc.a(lib_a-strlen.o)
 .bss           0x0000000000009a64        0x0 c:/intelfpga_lite/18.1/nios2eds/bin/gnu/h-x86_64-mingw32/bin/../lib/gcc/nios2-elf/5.3.0/mno-hw-mul\libgcc.a(lib2-divmod.o)
 .bss           0x0000000000009a64        0x0 c:/intelfpga_lite/18.1/nios2eds/bin/gnu/h-x86_64-mingw32/bin/../lib/gcc/nios2-elf/5.3.0/mno-hw-mul\libgcc.a(lib2-mul.o)
 *(COMMON)
 COMMON         0x0000000000009a64      0x100 ../hws2_bsp/\libhal_bsp.a(alt_irq_handler.o)
                0x0000000000009a64                alt_irq
                0x0000000000009b64                . = ALIGN (0x4)
                0x0000000000009b64                __bss_end = ABSOLUTE (.)

.onchip_memory2_0
                0x0000000000009b64        0x0
                [!provide]                        PROVIDE (_alt_partition_onchip_memory2_0_start, ABSOLUTE (.))
 *(.onchip_memory2_0 .onchip_memory2_0. onchip_memory2_0.*)
                0x0000000000009b64                . = ALIGN (0x4)
                [!provide]                        PROVIDE (_alt_partition_onchip_memory2_0_end, ABSOLUTE (.))
                0x0000000000009b64                _end = ABSOLUTE (.)
                0x0000000000009b64                end = ABSOLUTE (.)
                0x0000000000009b64                __alt_stack_base = ABSOLUTE (.)
                [!provide]                        PROVIDE (_alt_partition_onchip_memory2_0_load_addr, LOADADDR (.onchip_memory2_0))

.stab
 *(.stab)

.stabstr
 *(.stabstr)

.stab.excl
 *(.stab.excl)

.stab.exclstr
 *(.stab.exclstr)

.stab.index
 *(.stab.index)

.stab.indexstr
 *(.stab.indexstr)

.comment        0x0000000000000000       0x23
 *(.comment)
 .comment       0x0000000000000000       0x23 obj/default/hello_world_small.o
                                         0x24 (size before relaxing)
 .comment       0x0000000000000023       0x24 ../hws2_bsp/\libhal_bsp.a(alt_load.o)
 .comment       0x0000000000000023       0x24 ../hws2_bsp/\libhal_bsp.a(alt_main.o)
 .comment       0x0000000000000023       0x24 ../hws2_bsp/\libhal_bsp.a(alt_putstr.o)
 .comment       0x0000000000000023       0x24 ../hws2_bsp/\libhal_bsp.a(alt_sys_init.o)
 .comment       0x0000000000000023       0x24 ../hws2_bsp/\libhal_bsp.a(altera_avalon_i2c.o)
 .comment       0x0000000000000023       0x24 ../hws2_bsp/\libhal_bsp.a(alt_busy_sleep.o)
 .comment       0x0000000000000023       0x24 ../hws2_bsp/\libhal_bsp.a(alt_dcache_flush_all.o)
 .comment       0x0000000000000023       0x24 ../hws2_bsp/\libhal_bsp.a(alt_dev_llist_insert.o)
 .comment       0x0000000000000023       0x24 ../hws2_bsp/\libhal_bsp.a(alt_errno.o)
 .comment       0x0000000000000023       0x24 ../hws2_bsp/\libhal_bsp.a(alt_find_dev.o)
 .comment       0x0000000000000023       0x24 ../hws2_bsp/\libhal_bsp.a(alt_icache_flush_all.o)
 .comment       0x0000000000000023       0x24 ../hws2_bsp/\libhal_bsp.a(alt_iic.o)
 .comment       0x0000000000000023       0x24 ../hws2_bsp/\libhal_bsp.a(alt_iic_isr_register.o)
 .comment       0x0000000000000023       0x24 ../hws2_bsp/\libhal_bsp.a(alt_irq_handler.o)
 .comment       0x0000000000000023       0x24 ../hws2_bsp/\libhal_bsp.a(alt_irq_vars.o)
 .comment       0x0000000000000023       0x24 ../hws2_bsp/\libhal_bsp.a(altera_nios2_gen2_irq.o)
 .comment       0x0000000000000023       0x24 ../hws2_bsp/\libhal_bsp.a(alt_instruction_exception_entry.o)
 .comment       0x0000000000000023       0x24 c:/intelfpga_lite/18.1/nios2eds/bin/gnu/h-x86_64-mingw32/bin/../lib/gcc/nios2-elf/5.3.0/../../../../../H-x86_64-mingw32/nios2-elf/lib/mno-hw-mul\libsmallc.a(lib_a-int_errno.o)
 .comment       0x0000000000000023       0x24 c:/intelfpga_lite/18.1/nios2eds/bin/gnu/h-x86_64-mingw32/bin/../lib/gcc/nios2-elf/5.3.0/../../../../../H-x86_64-mingw32/nios2-elf/lib/mno-hw-mul\libsmallc.a(lib_a-memcmp.o)
 .comment       0x0000000000000023       0x24 c:/intelfpga_lite/18.1/nios2eds/bin/gnu/h-x86_64-mingw32/bin/../lib/gcc/nios2-elf/5.3.0/../../../../../H-x86_64-mingw32/nios2-elf/lib/mno-hw-mul\libsmallc.a(lib_a-strlen.o)
 .comment       0x0000000000000023       0x24 c:/intelfpga_lite/18.1/nios2eds/bin/gnu/h-x86_64-mingw32/bin/../lib/gcc/nios2-elf/5.3.0/mno-hw-mul\libgcc.a(lib2-divmod.o)
 .comment       0x0000000000000023       0x24 c:/intelfpga_lite/18.1/nios2eds/bin/gnu/h-x86_64-mingw32/bin/../lib/gcc/nios2-elf/5.3.0/mno-hw-mul\libgcc.a(lib2-mul.o)

.debug
 *(.debug)

.line
 *(.line)

.debug_srcinfo
 *(.debug_srcinfo)

.debug_sfnames
 *(.debug_sfnames)

.debug_aranges  0x0000000000000000      0x360
 *(.debug_aranges)
 .debug_aranges
                0x0000000000000000       0x28 ../hws2_bsp//obj/HAL/src/crt0.o
 .debug_aranges
                0x0000000000000028       0x20 obj/default/hello_world_small.o
 .debug_aranges
                0x0000000000000048       0x20 ../hws2_bsp/\libhal_bsp.a(alt_load.o)
 .debug_aranges
                0x0000000000000068       0x20 ../hws2_bsp/\libhal_bsp.a(alt_main.o)
 .debug_aranges
                0x0000000000000088       0x20 ../hws2_bsp/\libhal_bsp.a(alt_putstr.o)
 .debug_aranges
                0x00000000000000a8       0x20 ../hws2_bsp/\libhal_bsp.a(alt_sys_init.o)
 .debug_aranges
                0x00000000000000c8       0x20 ../hws2_bsp/\libhal_bsp.a(altera_avalon_i2c.o)
 .debug_aranges
                0x00000000000000e8       0x20 ../hws2_bsp/\libhal_bsp.a(alt_busy_sleep.o)
 .debug_aranges
                0x0000000000000108       0x20 ../hws2_bsp/\libhal_bsp.a(alt_dcache_flush_all.o)
 .debug_aranges
                0x0000000000000128       0x20 ../hws2_bsp/\libhal_bsp.a(alt_dev_llist_insert.o)
 .debug_aranges
                0x0000000000000148       0x18 ../hws2_bsp/\libhal_bsp.a(alt_errno.o)
 .debug_aranges
                0x0000000000000160       0x20 ../hws2_bsp/\libhal_bsp.a(alt_find_dev.o)
 .debug_aranges
                0x0000000000000180       0x20 ../hws2_bsp/\libhal_bsp.a(alt_icache_flush_all.o)
 .debug_aranges
                0x00000000000001a0       0x20 ../hws2_bsp/\libhal_bsp.a(alt_iic.o)
 .debug_aranges
                0x00000000000001c0       0x20 ../hws2_bsp/\libhal_bsp.a(alt_iic_isr_register.o)
 .debug_aranges
                0x00000000000001e0       0x30 ../hws2_bsp/\libhal_bsp.a(alt_irq_entry.o)
 .debug_aranges
                0x0000000000000210       0x20 ../hws2_bsp/\libhal_bsp.a(alt_irq_handler.o)
 .debug_aranges
                0x0000000000000230       0x18 ../hws2_bsp/\libhal_bsp.a(alt_irq_vars.o)
 .debug_aranges
                0x0000000000000248       0x20 ../hws2_bsp/\libhal_bsp.a(altera_nios2_gen2_irq.o)
 .debug_aranges
                0x0000000000000268       0x38 ../hws2_bsp/\libhal_bsp.a(alt_exception_entry.o)
 .debug_aranges
                0x00000000000002a0       0x28 ../hws2_bsp/\libhal_bsp.a(alt_instruction_exception_entry.o)
 .debug_aranges
                0x00000000000002c8       0x18 c:/intelfpga_lite/18.1/nios2eds/bin/gnu/h-x86_64-mingw32/bin/../lib/gcc/nios2-elf/5.3.0/../../../../../H-x86_64-mingw32/nios2-elf/lib/mno-hw-mul\libsmallc.a(lib_a-int_errno.o)
 .debug_aranges
                0x00000000000002e0       0x20 c:/intelfpga_lite/18.1/nios2eds/bin/gnu/h-x86_64-mingw32/bin/../lib/gcc/nios2-elf/5.3.0/../../../../../H-x86_64-mingw32/nios2-elf/lib/mno-hw-mul\libsmallc.a(lib_a-memcmp.o)
 .debug_aranges
                0x0000000000000300       0x20 c:/intelfpga_lite/18.1/nios2eds/bin/gnu/h-x86_64-mingw32/bin/../lib/gcc/nios2-elf/5.3.0/../../../../../H-x86_64-mingw32/nios2-elf/lib/mno-hw-mul\libsmallc.a(lib_a-strlen.o)
 .debug_aranges
                0x0000000000000320       0x20 c:/intelfpga_lite/18.1/nios2eds/bin/gnu/h-x86_64-mingw32/bin/../lib/gcc/nios2-elf/5.3.0/mno-hw-mul\libgcc.a(lib2-divmod.o)
 .debug_aranges
                0x0000000000000340       0x20 c:/intelfpga_lite/18.1/nios2eds/bin/gnu/h-x86_64-mingw32/bin/../lib/gcc/nios2-elf/5.3.0/mno-hw-mul\libgcc.a(lib2-mul.o)

.debug_pubnames
 *(.debug_pubnames)

.debug_info     0x0000000000000000     0x3cb9
 *(.debug_info .gnu.linkonce.wi.*)
 .debug_info    0x0000000000000000       0x8e ../hws2_bsp//obj/HAL/src/crt0.o
 .debug_info    0x000000000000008e       0x65 obj/default/hello_world_small.o
 .debug_info    0x00000000000000f3      0x1c9 ../hws2_bsp/\libhal_bsp.a(alt_load.o)
 .debug_info    0x00000000000002bc      0x169 ../hws2_bsp/\libhal_bsp.a(alt_main.o)
 .debug_info    0x0000000000000425      0x13a ../hws2_bsp/\libhal_bsp.a(alt_putstr.o)
 .debug_info    0x000000000000055f      0x274 ../hws2_bsp/\libhal_bsp.a(alt_sys_init.o)
 .debug_info    0x00000000000007d3     0x1c18 ../hws2_bsp/\libhal_bsp.a(altera_avalon_i2c.o)
 .debug_info    0x00000000000023eb       0xd8 ../hws2_bsp/\libhal_bsp.a(alt_busy_sleep.o)
 .debug_info    0x00000000000024c3       0x92 ../hws2_bsp/\libhal_bsp.a(alt_dcache_flush_all.o)
 .debug_info    0x0000000000002555      0x1b3 ../hws2_bsp/\libhal_bsp.a(alt_dev_llist_insert.o)
 .debug_info    0x0000000000002708       0xa6 ../hws2_bsp/\libhal_bsp.a(alt_errno.o)
 .debug_info    0x00000000000027ae      0x32d ../hws2_bsp/\libhal_bsp.a(alt_find_dev.o)
 .debug_info    0x0000000000002adb       0x92 ../hws2_bsp/\libhal_bsp.a(alt_icache_flush_all.o)
 .debug_info    0x0000000000002b6d      0x38a ../hws2_bsp/\libhal_bsp.a(alt_iic.o)
 .debug_info    0x0000000000002ef7      0x232 ../hws2_bsp/\libhal_bsp.a(alt_iic_isr_register.o)
 .debug_info    0x0000000000003129       0x97 ../hws2_bsp/\libhal_bsp.a(alt_irq_entry.o)
 .debug_info    0x00000000000031c0      0x184 ../hws2_bsp/\libhal_bsp.a(alt_irq_handler.o)
 .debug_info    0x0000000000003344       0x88 ../hws2_bsp/\libhal_bsp.a(alt_irq_vars.o)
 .debug_info    0x00000000000033cc       0x92 ../hws2_bsp/\libhal_bsp.a(altera_nios2_gen2_irq.o)
 .debug_info    0x000000000000345e       0x9d ../hws2_bsp/\libhal_bsp.a(alt_exception_entry.o)
 .debug_info    0x00000000000034fb      0x1fd ../hws2_bsp/\libhal_bsp.a(alt_instruction_exception_entry.o)
 .debug_info    0x00000000000036f8       0x8a c:/intelfpga_lite/18.1/nios2eds/bin/gnu/h-x86_64-mingw32/bin/../lib/gcc/nios2-elf/5.3.0/../../../../../H-x86_64-mingw32/nios2-elf/lib/mno-hw-mul\libsmallc.a(lib_a-int_errno.o)
 .debug_info    0x0000000000003782       0xf4 c:/intelfpga_lite/18.1/nios2eds/bin/gnu/h-x86_64-mingw32/bin/../lib/gcc/nios2-elf/5.3.0/../../../../../H-x86_64-mingw32/nios2-elf/lib/mno-hw-mul\libsmallc.a(lib_a-memcmp.o)
 .debug_info    0x0000000000003876       0xc9 c:/intelfpga_lite/18.1/nios2eds/bin/gnu/h-x86_64-mingw32/bin/../lib/gcc/nios2-elf/5.3.0/../../../../../H-x86_64-mingw32/nios2-elf/lib/mno-hw-mul\libsmallc.a(lib_a-strlen.o)
 .debug_info    0x000000000000393f      0x2c6 c:/intelfpga_lite/18.1/nios2eds/bin/gnu/h-x86_64-mingw32/bin/../lib/gcc/nios2-elf/5.3.0/mno-hw-mul\libgcc.a(lib2-divmod.o)
 .debug_info    0x0000000000003c05       0xb4 c:/intelfpga_lite/18.1/nios2eds/bin/gnu/h-x86_64-mingw32/bin/../lib/gcc/nios2-elf/5.3.0/mno-hw-mul\libgcc.a(lib2-mul.o)

.debug_abbrev   0x0000000000000000     0x150a
 *(.debug_abbrev)
 .debug_abbrev  0x0000000000000000       0x12 ../hws2_bsp//obj/HAL/src/crt0.o
 .debug_abbrev  0x0000000000000012       0x64 obj/default/hello_world_small.o
 .debug_abbrev  0x0000000000000076       0xd8 ../hws2_bsp/\libhal_bsp.a(alt_load.o)
 .debug_abbrev  0x000000000000014e       0xee ../hws2_bsp/\libhal_bsp.a(alt_main.o)
 .debug_abbrev  0x000000000000023c       0xd3 ../hws2_bsp/\libhal_bsp.a(alt_putstr.o)
 .debug_abbrev  0x000000000000030f      0x138 ../hws2_bsp/\libhal_bsp.a(alt_sys_init.o)
 .debug_abbrev  0x0000000000000447      0x47c ../hws2_bsp/\libhal_bsp.a(altera_avalon_i2c.o)
 .debug_abbrev  0x00000000000008c3       0x8d ../hws2_bsp/\libhal_bsp.a(alt_busy_sleep.o)
 .debug_abbrev  0x0000000000000950       0x42 ../hws2_bsp/\libhal_bsp.a(alt_dcache_flush_all.o)
 .debug_abbrev  0x0000000000000992      0x11c ../hws2_bsp/\libhal_bsp.a(alt_dev_llist_insert.o)
 .debug_abbrev  0x0000000000000aae       0x5a ../hws2_bsp/\libhal_bsp.a(alt_errno.o)
 .debug_abbrev  0x0000000000000b08      0x125 ../hws2_bsp/\libhal_bsp.a(alt_find_dev.o)
 .debug_abbrev  0x0000000000000c2d       0x42 ../hws2_bsp/\libhal_bsp.a(alt_icache_flush_all.o)
 .debug_abbrev  0x0000000000000c6f      0x1a0 ../hws2_bsp/\libhal_bsp.a(alt_iic.o)
 .debug_abbrev  0x0000000000000e0f      0x19c ../hws2_bsp/\libhal_bsp.a(alt_iic_isr_register.o)
 .debug_abbrev  0x0000000000000fab       0x12 ../hws2_bsp/\libhal_bsp.a(alt_irq_entry.o)
 .debug_abbrev  0x0000000000000fbd      0x120 ../hws2_bsp/\libhal_bsp.a(alt_irq_handler.o)
 .debug_abbrev  0x00000000000010dd       0x40 ../hws2_bsp/\libhal_bsp.a(alt_irq_vars.o)
 .debug_abbrev  0x000000000000111d       0x42 ../hws2_bsp/\libhal_bsp.a(altera_nios2_gen2_irq.o)
 .debug_abbrev  0x000000000000115f       0x12 ../hws2_bsp/\libhal_bsp.a(alt_exception_entry.o)
 .debug_abbrev  0x0000000000001171       0xe7 ../hws2_bsp/\libhal_bsp.a(alt_instruction_exception_entry.o)
 .debug_abbrev  0x0000000000001258       0x37 c:/intelfpga_lite/18.1/nios2eds/bin/gnu/h-x86_64-mingw32/bin/../lib/gcc/nios2-elf/5.3.0/../../../../../H-x86_64-mingw32/nios2-elf/lib/mno-hw-mul\libsmallc.a(lib_a-int_errno.o)
 .debug_abbrev  0x000000000000128f       0x7f c:/intelfpga_lite/18.1/nios2eds/bin/gnu/h-x86_64-mingw32/bin/../lib/gcc/nios2-elf/5.3.0/../../../../../H-x86_64-mingw32/nios2-elf/lib/mno-hw-mul\libsmallc.a(lib_a-memcmp.o)
 .debug_abbrev  0x000000000000130e       0x7f c:/intelfpga_lite/18.1/nios2eds/bin/gnu/h-x86_64-mingw32/bin/../lib/gcc/nios2-elf/5.3.0/../../../../../H-x86_64-mingw32/nios2-elf/lib/mno-hw-mul\libsmallc.a(lib_a-strlen.o)
 .debug_abbrev  0x000000000000138d      0x10e c:/intelfpga_lite/18.1/nios2eds/bin/gnu/h-x86_64-mingw32/bin/../lib/gcc/nios2-elf/5.3.0/mno-hw-mul\libgcc.a(lib2-divmod.o)
 .debug_abbrev  0x000000000000149b       0x6f c:/intelfpga_lite/18.1/nios2eds/bin/gnu/h-x86_64-mingw32/bin/../lib/gcc/nios2-elf/5.3.0/mno-hw-mul\libgcc.a(lib2-mul.o)

.debug_line     0x0000000000000000     0x155a
 *(.debug_line)
 .debug_line    0x0000000000000000       0x66 ../hws2_bsp//obj/HAL/src/crt0.o
 .debug_line    0x0000000000000066       0x71 obj/default/hello_world_small.o
 .debug_line    0x00000000000000d7       0xa4 ../hws2_bsp/\libhal_bsp.a(alt_load.o)
 .debug_line    0x000000000000017b       0xbd ../hws2_bsp/\libhal_bsp.a(alt_main.o)
 .debug_line    0x0000000000000238       0xa0 ../hws2_bsp/\libhal_bsp.a(alt_putstr.o)
 .debug_line    0x00000000000002d8       0xe0 ../hws2_bsp/\libhal_bsp.a(alt_sys_init.o)
 .debug_line    0x00000000000003b8      0x49a ../hws2_bsp/\libhal_bsp.a(altera_avalon_i2c.o)
 .debug_line    0x0000000000000852       0xb3 ../hws2_bsp/\libhal_bsp.a(alt_busy_sleep.o)
 .debug_line    0x0000000000000905       0x4e ../hws2_bsp/\libhal_bsp.a(alt_dcache_flush_all.o)
 .debug_line    0x0000000000000953       0xd8 ../hws2_bsp/\libhal_bsp.a(alt_dev_llist_insert.o)
 .debug_line    0x0000000000000a2b       0x51 ../hws2_bsp/\libhal_bsp.a(alt_errno.o)
 .debug_line    0x0000000000000a7c      0x107 ../hws2_bsp/\libhal_bsp.a(alt_find_dev.o)
 .debug_line    0x0000000000000b83       0x4e ../hws2_bsp/\libhal_bsp.a(alt_icache_flush_all.o)
 .debug_line    0x0000000000000bd1       0xf1 ../hws2_bsp/\libhal_bsp.a(alt_iic.o)
 .debug_line    0x0000000000000cc2       0xd6 ../hws2_bsp/\libhal_bsp.a(alt_iic_isr_register.o)
 .debug_line    0x0000000000000d98       0x6b ../hws2_bsp/\libhal_bsp.a(alt_irq_entry.o)
 .debug_line    0x0000000000000e03       0xa5 ../hws2_bsp/\libhal_bsp.a(alt_irq_handler.o)
 .debug_line    0x0000000000000ea8       0x50 ../hws2_bsp/\libhal_bsp.a(alt_irq_vars.o)
 .debug_line    0x0000000000000ef8       0x50 ../hws2_bsp/\libhal_bsp.a(altera_nios2_gen2_irq.o)
 .debug_line    0x0000000000000f48       0xb3 ../hws2_bsp/\libhal_bsp.a(alt_exception_entry.o)
 .debug_line    0x0000000000000ffb       0xbf ../hws2_bsp/\libhal_bsp.a(alt_instruction_exception_entry.o)
 .debug_line    0x00000000000010ba       0x5f c:/intelfpga_lite/18.1/nios2eds/bin/gnu/h-x86_64-mingw32/bin/../lib/gcc/nios2-elf/5.3.0/../../../../../H-x86_64-mingw32/nios2-elf/lib/mno-hw-mul\libsmallc.a(lib_a-int_errno.o)
 .debug_line    0x0000000000001119      0x160 c:/intelfpga_lite/18.1/nios2eds/bin/gnu/h-x86_64-mingw32/bin/../lib/gcc/nios2-elf/5.3.0/../../../../../H-x86_64-mingw32/nios2-elf/lib/mno-hw-mul\libsmallc.a(lib_a-memcmp.o)
 .debug_line    0x0000000000001279      0x15c c:/intelfpga_lite/18.1/nios2eds/bin/gnu/h-x86_64-mingw32/bin/../lib/gcc/nios2-elf/5.3.0/../../../../../H-x86_64-mingw32/nios2-elf/lib/mno-hw-mul\libsmallc.a(lib_a-strlen.o)
 .debug_line    0x00000000000013d5      0x105 c:/intelfpga_lite/18.1/nios2eds/bin/gnu/h-x86_64-mingw32/bin/../lib/gcc/nios2-elf/5.3.0/mno-hw-mul\libgcc.a(lib2-divmod.o)
 .debug_line    0x00000000000014da       0x80 c:/intelfpga_lite/18.1/nios2eds/bin/gnu/h-x86_64-mingw32/bin/../lib/gcc/nios2-elf/5.3.0/mno-hw-mul\libgcc.a(lib2-mul.o)

.debug_frame    0x0000000000000000      0x83c
 *(.debug_frame)
 .debug_frame   0x0000000000000000       0x28 obj/default/hello_world_small.o
 .debug_frame   0x0000000000000028       0x30 ../hws2_bsp/\libhal_bsp.a(alt_load.o)
 .debug_frame   0x0000000000000058       0x2c ../hws2_bsp/\libhal_bsp.a(alt_main.o)
 .debug_frame   0x0000000000000084       0x30 ../hws2_bsp/\libhal_bsp.a(alt_putstr.o)
 .debug_frame   0x00000000000000b4       0x3c ../hws2_bsp/\libhal_bsp.a(alt_sys_init.o)
 .debug_frame   0x00000000000000f0      0x4c0 ../hws2_bsp/\libhal_bsp.a(altera_avalon_i2c.o)
 .debug_frame   0x00000000000005b0       0x30 ../hws2_bsp/\libhal_bsp.a(alt_busy_sleep.o)
 .debug_frame   0x00000000000005e0       0x20 ../hws2_bsp/\libhal_bsp.a(alt_dcache_flush_all.o)
 .debug_frame   0x0000000000000600       0x2c ../hws2_bsp/\libhal_bsp.a(alt_dev_llist_insert.o)
 .debug_frame   0x000000000000062c       0x3c ../hws2_bsp/\libhal_bsp.a(alt_find_dev.o)
 .debug_frame   0x0000000000000668       0x20 ../hws2_bsp/\libhal_bsp.a(alt_icache_flush_all.o)
 .debug_frame   0x0000000000000688       0x50 ../hws2_bsp/\libhal_bsp.a(alt_iic.o)
 .debug_frame   0x00000000000006d8       0x30 ../hws2_bsp/\libhal_bsp.a(alt_iic_isr_register.o)
 .debug_frame   0x0000000000000708       0x34 ../hws2_bsp/\libhal_bsp.a(alt_irq_handler.o)
 .debug_frame   0x000000000000073c       0x20 ../hws2_bsp/\libhal_bsp.a(altera_nios2_gen2_irq.o)
 .debug_frame   0x000000000000075c       0x30 ../hws2_bsp/\libhal_bsp.a(alt_instruction_exception_entry.o)
 .debug_frame   0x000000000000078c       0x20 c:/intelfpga_lite/18.1/nios2eds/bin/gnu/h-x86_64-mingw32/bin/../lib/gcc/nios2-elf/5.3.0/../../../../../H-x86_64-mingw32/nios2-elf/lib/mno-hw-mul\libsmallc.a(lib_a-memcmp.o)
 .debug_frame   0x00000000000007ac       0x20 c:/intelfpga_lite/18.1/nios2eds/bin/gnu/h-x86_64-mingw32/bin/../lib/gcc/nios2-elf/5.3.0/../../../../../H-x86_64-mingw32/nios2-elf/lib/mno-hw-mul\libsmallc.a(lib_a-strlen.o)
 .debug_frame   0x00000000000007cc       0x50 c:/intelfpga_lite/18.1/nios2eds/bin/gnu/h-x86_64-mingw32/bin/../lib/gcc/nios2-elf/5.3.0/mno-hw-mul\libgcc.a(lib2-divmod.o)
 .debug_frame   0x000000000000081c       0x20 c:/intelfpga_lite/18.1/nios2eds/bin/gnu/h-x86_64-mingw32/bin/../lib/gcc/nios2-elf/5.3.0/mno-hw-mul\libgcc.a(lib2-mul.o)

.debug_str      0x0000000000000000     0x1a2d
 *(.debug_str)
 .debug_str     0x0000000000000000       0xbe obj/default/hello_world_small.o
                                         0xc3 (size before relaxing)
 .debug_str     0x00000000000000be      0x1da ../hws2_bsp/\libhal_bsp.a(alt_load.o)
                                        0x25c (size before relaxing)
 .debug_str     0x0000000000000298       0x8f ../hws2_bsp/\libhal_bsp.a(alt_main.o)
                                        0x1d5 (size before relaxing)
 .debug_str     0x0000000000000327       0x5b ../hws2_bsp/\libhal_bsp.a(alt_putstr.o)
                                        0x1a7 (size before relaxing)
 .debug_str     0x0000000000000382      0x1a8 ../hws2_bsp/\libhal_bsp.a(alt_sys_init.o)
                                        0x350 (size before relaxing)
 .debug_str     0x000000000000052a      0x9d1 ../hws2_bsp/\libhal_bsp.a(altera_avalon_i2c.o)
                                        0xcf5 (size before relaxing)
 .debug_str     0x0000000000000efb       0x33 ../hws2_bsp/\libhal_bsp.a(alt_busy_sleep.o)
                                        0x18b (size before relaxing)
 .debug_str     0x0000000000000f2e       0x1f ../hws2_bsp/\libhal_bsp.a(alt_dcache_flush_all.o)
                                        0x175 (size before relaxing)
 .debug_str     0x0000000000000f4d       0x3e ../hws2_bsp/\libhal_bsp.a(alt_dev_llist_insert.o)
                                        0x1ec (size before relaxing)
 .debug_str     0x0000000000000f8b       0x14 ../hws2_bsp/\libhal_bsp.a(alt_errno.o)
                                        0x165 (size before relaxing)
 .debug_str     0x0000000000000f9f       0x6d ../hws2_bsp/\libhal_bsp.a(alt_find_dev.o)
                                        0x21a (size before relaxing)
 .debug_str     0x000000000000100c       0x1f ../hws2_bsp/\libhal_bsp.a(alt_icache_flush_all.o)
                                        0x175 (size before relaxing)
 .debug_str     0x000000000000102b       0xbe ../hws2_bsp/\libhal_bsp.a(alt_iic.o)
                                        0x273 (size before relaxing)
 .debug_str     0x00000000000010e9       0x37 ../hws2_bsp/\libhal_bsp.a(alt_iic_isr_register.o)
                                        0x22d (size before relaxing)
 .debug_str     0x0000000000001120       0x3a ../hws2_bsp/\libhal_bsp.a(alt_irq_handler.o)
                                        0x1b7 (size before relaxing)
 .debug_str     0x000000000000115a       0x17 ../hws2_bsp/\libhal_bsp.a(alt_irq_vars.o)
                                        0x15a (size before relaxing)
 .debug_str     0x0000000000001171       0x20 ../hws2_bsp/\libhal_bsp.a(altera_nios2_gen2_irq.o)
                                        0x17c (size before relaxing)
 .debug_str     0x0000000000001191      0x48b ../hws2_bsp/\libhal_bsp.a(alt_instruction_exception_entry.o)
                                        0x5c0 (size before relaxing)
 .debug_str     0x000000000000161c      0x134 c:/intelfpga_lite/18.1/nios2eds/bin/gnu/h-x86_64-mingw32/bin/../lib/gcc/nios2-elf/5.3.0/../../../../../H-x86_64-mingw32/nios2-elf/lib/mno-hw-mul\libsmallc.a(lib_a-int_errno.o)
                                        0x1d8 (size before relaxing)
 .debug_str     0x0000000000001750       0xd9 c:/intelfpga_lite/18.1/nios2eds/bin/gnu/h-x86_64-mingw32/bin/../lib/gcc/nios2-elf/5.3.0/../../../../../H-x86_64-mingw32/nios2-elf/lib/mno-hw-mul\libsmallc.a(lib_a-memcmp.o)
                                        0x1df (size before relaxing)
 .debug_str     0x0000000000001829       0x3d c:/intelfpga_lite/18.1/nios2eds/bin/gnu/h-x86_64-mingw32/bin/../lib/gcc/nios2-elf/5.3.0/../../../../../H-x86_64-mingw32/nios2-elf/lib/mno-hw-mul\libsmallc.a(lib_a-strlen.o)
                                        0x1e5 (size before relaxing)
 .debug_str     0x0000000000001866      0x187 c:/intelfpga_lite/18.1/nios2eds/bin/gnu/h-x86_64-mingw32/bin/../lib/gcc/nios2-elf/5.3.0/mno-hw-mul\libgcc.a(lib2-divmod.o)
                                        0x1d2 (size before relaxing)
 .debug_str     0x00000000000019ed       0x40 c:/intelfpga_lite/18.1/nios2eds/bin/gnu/h-x86_64-mingw32/bin/../lib/gcc/nios2-elf/5.3.0/mno-hw-mul\libgcc.a(lib2-mul.o)
                                        0x193 (size before relaxing)

.debug_loc      0x0000000000000000     0x2031
 *(.debug_loc)
 .debug_loc     0x0000000000000000       0x37 ../hws2_bsp/\libhal_bsp.a(alt_putstr.o)
 .debug_loc     0x0000000000000037       0x21 ../hws2_bsp/\libhal_bsp.a(alt_sys_init.o)
 .debug_loc     0x0000000000000058     0x147b ../hws2_bsp/\libhal_bsp.a(altera_avalon_i2c.o)
 .debug_loc     0x00000000000014d3       0x75 ../hws2_bsp/\libhal_bsp.a(alt_busy_sleep.o)
 .debug_loc     0x0000000000001548       0x7e ../hws2_bsp/\libhal_bsp.a(alt_dev_llist_insert.o)
 .debug_loc     0x00000000000015c6       0x7e ../hws2_bsp/\libhal_bsp.a(alt_find_dev.o)
 .debug_loc     0x0000000000001644      0x170 ../hws2_bsp/\libhal_bsp.a(alt_iic.o)
 .debug_loc     0x00000000000017b4      0x193 ../hws2_bsp/\libhal_bsp.a(alt_iic_isr_register.o)
 .debug_loc     0x0000000000001947       0x72 ../hws2_bsp/\libhal_bsp.a(alt_irq_handler.o)
 .debug_loc     0x00000000000019b9       0x65 ../hws2_bsp/\libhal_bsp.a(alt_instruction_exception_entry.o)
 .debug_loc     0x0000000000001a1e       0x94 c:/intelfpga_lite/18.1/nios2eds/bin/gnu/h-x86_64-mingw32/bin/../lib/gcc/nios2-elf/5.3.0/../../../../../H-x86_64-mingw32/nios2-elf/lib/mno-hw-mul\libsmallc.a(lib_a-memcmp.o)
 .debug_loc     0x0000000000001ab2       0x1e c:/intelfpga_lite/18.1/nios2eds/bin/gnu/h-x86_64-mingw32/bin/../lib/gcc/nios2-elf/5.3.0/../../../../../H-x86_64-mingw32/nios2-elf/lib/mno-hw-mul\libsmallc.a(lib_a-strlen.o)
 .debug_loc     0x0000000000001ad0      0x4ce c:/intelfpga_lite/18.1/nios2eds/bin/gnu/h-x86_64-mingw32/bin/../lib/gcc/nios2-elf/5.3.0/mno-hw-mul\libgcc.a(lib2-divmod.o)
 .debug_loc     0x0000000000001f9e       0x93 c:/intelfpga_lite/18.1/nios2eds/bin/gnu/h-x86_64-mingw32/bin/../lib/gcc/nios2-elf/5.3.0/mno-hw-mul\libgcc.a(lib2-mul.o)

.debug_macinfo
 *(.debug_macinfo)

.debug_weaknames
 *(.debug_weaknames)

.debug_funcnames
 *(.debug_funcnames)

.debug_typenames
 *(.debug_typenames)

.debug_varnames
 *(.debug_varnames)

.debug_alt_sim_info
                0x0000000000000000       0x40
 *(.debug_alt_sim_info)
 .debug_alt_sim_info
                0x0000000000000000       0x10 ../hws2_bsp//obj/HAL/src/crt0.o
 .debug_alt_sim_info
                0x0000000000000010       0x30 ../hws2_bsp/\libhal_bsp.a(alt_busy_sleep.o)
                0x0000000000010000                __alt_data_end = 0x10000
                0x0000000000010000                PROVIDE (__alt_stack_pointer, __alt_data_end)
                [!provide]                        PROVIDE (__alt_stack_limit, __alt_stack_base)
                [!provide]                        PROVIDE (__alt_heap_start, end)
                [!provide]                        PROVIDE (__alt_heap_limit, 0x10000)
OUTPUT(hws2.elf elf32-littlenios2)

.debug_ranges   0x0000000000000000      0x1f0
 .debug_ranges  0x0000000000000000       0x20 ../hws2_bsp//obj/HAL/src/crt0.o
 .debug_ranges  0x0000000000000020       0x10 obj/default/hello_world_small.o
 .debug_ranges  0x0000000000000030       0x48 ../hws2_bsp/\libhal_bsp.a(alt_load.o)
 .debug_ranges  0x0000000000000078       0x58 ../hws2_bsp/\libhal_bsp.a(altera_avalon_i2c.o)
 .debug_ranges  0x00000000000000d0       0x20 ../hws2_bsp/\libhal_bsp.a(alt_dev_llist_insert.o)
 .debug_ranges  0x00000000000000f0       0x28 ../hws2_bsp/\libhal_bsp.a(alt_irq_entry.o)
 .debug_ranges  0x0000000000000118       0x10 ../hws2_bsp/\libhal_bsp.a(alt_irq_handler.o)
 .debug_ranges  0x0000000000000128       0x30 ../hws2_bsp/\libhal_bsp.a(alt_exception_entry.o)
 .debug_ranges  0x0000000000000158       0x18 ../hws2_bsp/\libhal_bsp.a(alt_instruction_exception_entry.o)
 .debug_ranges  0x0000000000000170       0x10 c:/intelfpga_lite/18.1/nios2eds/bin/gnu/h-x86_64-mingw32/bin/../lib/gcc/nios2-elf/5.3.0/../../../../../H-x86_64-mingw32/nios2-elf/lib/mno-hw-mul\libsmallc.a(lib_a-memcmp.o)
 .debug_ranges  0x0000000000000180       0x10 c:/intelfpga_lite/18.1/nios2eds/bin/gnu/h-x86_64-mingw32/bin/../lib/gcc/nios2-elf/5.3.0/../../../../../H-x86_64-mingw32/nios2-elf/lib/mno-hw-mul\libsmallc.a(lib_a-strlen.o)
 .debug_ranges  0x0000000000000190       0x60 c:/intelfpga_lite/18.1/nios2eds/bin/gnu/h-x86_64-mingw32/bin/../lib/gcc/nios2-elf/5.3.0/mno-hw-mul\libgcc.a(lib2-divmod.o)
